// Jest Snapshot v1, https://goo.gl/fbAQLP

exports[`should fetch a playlist 1`] = `
Array [
  Object {
    "id": "id",
    "playlistId": "id",
    "publishDate": "2020-04-04T00:00:00Z",
    "thumbnails": Array [
      Object {},
    ],
    "title": "Playlist Title",
  },
  Object {
    "id": "id",
    "playlistId": "id",
    "publishDate": "2020-04-04T00:00:00Z",
    "thumbnails": Array [
      Object {},
    ],
    "title": "Playlist Title",
  },
  Object {
    "id": "id",
    "playlistId": "id",
    "publishDate": "2020-04-04T00:00:00Z",
    "thumbnails": Array [
      Object {},
    ],
    "title": "Playlist Title",
  },
  Object {
    "id": "id",
    "playlistId": "id",
    "publishDate": "2020-04-04T00:00:00Z",
    "thumbnails": Array [
      Object {},
    ],
    "title": "Playlist Title",
  },
  Object {
    "id": "id",
    "playlistId": "id",
    "publishDate": "2020-04-04T00:00:00Z",
    "thumbnails": Array [
      Object {},
    ],
    "title": "Playlist Title",
  },
  Object {
    "id": "id",
    "playlistId": "id",
    "publishDate": "2020-04-04T00:00:00Z",
    "thumbnails": Array [
      Object {},
    ],
    "title": "Playlist Title",
  },
]
`;

exports[`should fetch channel sections 1`] = `
Array [
  "PL8cDVrurCVqMDEP9wiPCgvuZslIGkE_5M",
  "PL8cDVrurCVqN7DvWM3ZI6oHfC5rxBTOJi",
  "PL8cDVrurCVqMZH6QZXigDaZ7HqlStBrvk",
  "PL8cDVrurCVqOAQaI8O8alNwBt2rQp3HYI",
  "PL8cDVrurCVqNrhEI2KZqn2GCyMrq967xV",
  "PL8cDVrurCVqNX0hof1GEmDbIVSHP4xMUs",
]
`;

exports[`should sort playlist by publish date 1`] = `
Array [
  Object {
    "id": "5",
    "publishDate": "2020-04-20T00:00:00Z",
  },
  Object {
    "id": "4",
    "publishDate": "2020-04-15T00:00:00Z",
  },
  Object {
    "id": "3",
    "publishDate": "2020-04-10T00:00:00Z",
  },
  Object {
    "id": "2",
    "publishDate": "2020-04-05T00:00:00Z",
  },
  Object {
    "id": "1",
    "publishDate": "2020-04-01T00:00:00Z",
  },
]
`;
