// Jest Snapshot v1, https://goo.gl/fbAQLP

exports[`<GroupCardDetails/> render the group details 1`] = `
<View
  accessible={true}
  focusable={true}
  onClick={[Function]}
  onResponderGrant={[Function]}
  onResponderMove={[Function]}
  onResponderRelease={[Function]}
  onResponderTerminate={[Function]}
  onResponderTerminationRequest={[Function]}
  onStartShouldSetResponder={[Function]}
  style={
    Object {
      "borderRadius": 16,
      "padding": 16,
      "position": "relative",
    }
  }
  testID="GroupCardDetails"
>
  <View>
    <Text
      adjustsFontSizeToFit={true}
      light={true}
      numberOfLines={2}
      selectable={true}
      style={
        Array [
          Object {
            "color": "#cbd2d6",
            "fontFamily": "NunitoSans-Light",
            "fontSize": 18,
            "lineHeight": 24,
            "textAlign": "auto",
          },
          Array [
            Object {
              "color": "#fff",
              "fontSize": 28,
              "lineHeight": 34,
              "marginBottom": 20,
            },
            Object {
              "marginVertical": 10,
            },
          ],
        ]
      }
    >
      Test Group
    </Text>
    <Text
      selectable={true}
      style={
        Array [
          Object {
            "color": "#cbd2d6",
            "fontFamily": "NunitoSans-Regular",
            "fontSize": 18,
            "lineHeight": 24,
            "textAlign": "auto",
          },
          Object {
            "marginBottom": 10,
          },
        ]
      }
    >
      Weekly: Tuesdays at 7:00 PM
    </Text>
    <Text
      bold={true}
      selectable={true}
      style={
        Array [
          Object {
            "color": "#cbd2d6",
            "fontFamily": "NunitoSans-Bold",
            "fontSize": 18,
            "lineHeight": 24,
            "textAlign": "auto",
          },
          Object {
            "marginBottom": 10,
          },
        ]
      }
    >
      North San Jose
    </Text>
    <Text
      ellipsizeMode="tail"
      light={true}
      numberOfLines={3}
      selectable={true}
      style={
        Array [
          Object {
            "color": "#cbd2d6",
            "fontFamily": "NunitoSans-Light",
            "fontSize": 18,
            "lineHeight": 24,
            "textAlign": "auto",
          },
          undefined,
        ]
      }
    >
      This group is a test
    </Text>
  </View>
</View>
`;
